[03Aug2026 21:02:29.964] [main/INFO] [cpw.mods.modlauncher.Launcher/MODLAUNCHER]: ModLauncher running: args [--launchTarget, forgeclientdev, --version, 21.1.228, --assetIndex, 17, --assetsDir, /home/tomas/.gradle/caches/neoformruntime/assets, --gameDir, ., --fml.fmlVersion, 4.0.42, --fml.mcVersion, 1.21.1, --fml.neoForgeVersion, 21.1.228, --fml.neoFormVersion, 20240808.144430]
[03Aug2026 21:02:29.966] [main/INFO] [cpw.mods.modlauncher.Launcher/MODLAUNCHER]: JVM identified as Eclipse Adoptium OpenJDK 64-Bit Server VM 21.0.11+10-LTS
[03Aug2026 21:02:29.967] [main/INFO] [cpw.mods.modlauncher.Launcher/MODLAUNCHER]: ModLauncher 11.0.5+main.901c6ea8 starting: java version 21.0.11 by Eclipse Adoptium; OS Linux arch amd64 version 7.1.5-200.fc44.x86_64
[03Aug2026 21:02:30.025] [main/INFO] [net.neoforged.fml.loading.ImmediateWindowHandler/]: Loading ImmediateWindowProvider fmlearlywindow
[03Aug2026 21:02:30.090] [main/INFO] [EARLYDISPLAY/]: Trying GL version 4.6
[03Aug2026 21:02:30.207] [main/INFO] [EARLYDISPLAY/]: Requested GL version 4.6 got version 4.6
[03Aug2026 21:02:30.266] [main/INFO] [mixin/]: SpongePowered MIXIN Subsystem Version=0.8.7 Source=union:/home/tomas/.gradle/caches/modules-2/files-2.1/net.fabricmc/sponge-mixin/0.15.2+mixin.0.8.7/2af2f021d8e02a0220dc27a7a72b4666d66d44ca/sponge-mixin-0.15.2+mixin.0.8.7.jar%23126!/ Service=ModLauncher Env=CLIENT
[03Aug2026 21:02:30.369] [pool-2-thread-1/INFO] [EARLYDISPLAY/]: GL info: NVIDIA GeForce RTX 4060 Ti/PCIe/SSE2 GL version 4.6.0 NVIDIA 610.43.03, NVIDIA Corporation
[03Aug2026 21:02:30.540] [main/WARN] [net.neoforged.jarjar.selection.JarSelector/]: Attempted to select a dependency jar for JarJar which was passed in as source: library:mixinextras.neoforge. Using Mod File: /home/tomas/.gradle/caches/modules-2/files-2.1/io.github.llamalad7/mixinextras-neoforge/0.5.0/d734b83ce6542bb70ea31755c1595b88992dbe65/mixinextras-neoforge-0.5.0.jar
[03Aug2026 21:02:30.540] [main/INFO] [net.neoforged.fml.loading.moddiscovery.locators.JarInJarDependencyLocator/]: Found 4 dependencies adding them to mods collection
[03Aug2026 21:02:30.540] [main/INFO] [net.neoforged.fml.loading.moddiscovery.ModDiscoverer/]: 
     Mod List:
		Name Version (Mod Id)

		Create 6.0.10 (create)
		Flywheel 1.0.6 (flywheel)
		GeckoLib 4 4.8.4 (geckolib)
		Minecraft 1.21.1 (minecraft)
		NeoForge 21.1.228 (neoforge)
		Ponder 1.0.82+mc1.21.1 (ponder)
		Reinforced Black Holes 1.1.5 (rbh)
		Reinforced Singularity Rifle 1.0.5 (rsrifle)
[03Aug2026 21:02:30.926] [main/INFO] [mixin/]: Compatibility level set to JAVA_21
[03Aug2026 21:02:30.929] [main/WARN] [mixin/]: Compatibility level JAVA_17 specified by rbh.mixins.json is higher than the maximum level supported by this version of mixin (JAVA_13).
[03Aug2026 21:02:30.935] [main/WARN] [mixin/]: Compatibility level JAVA_17 specified by rsrifle.mixins.json is higher than the maximum level supported by this version of mixin (JAVA_13).
[03Aug2026 21:02:30.944] [main/INFO] [cpw.mods.modlauncher.LaunchServiceHandler/MODLAUNCHER]: Launching target 'forgeclientdev' with arguments [--version, 21.1.228, --gameDir, ., --assetsDir, /home/tomas/.gradle/caches/neoformruntime/assets, --assetIndex, 17]
[03Aug2026 21:02:30.979] [main/WARN] [mixin/]: Reference map 'rbh.refmap.json' for rbh.mixins.json could not be read. If this is a development environment you can ignore this message
[03Aug2026 21:02:30.979] [main/WARN] [mixin/]: Reference map 'geckolib.refmap.json' for geckolib.mixins.json could not be read. If this is a development environment you can ignore this message
[03Aug2026 21:02:30.979] [main/WARN] [mixin/]: Reference map 'ponder.refmap.json' for ponder-common.mixins.json could not be read. If this is a development environment you can ignore this message
[03Aug2026 21:02:30.983] [main/WARN] [mixin/]: Reference map 'rsrifle.refmap.json' for rsrifle.mixins.json could not be read. If this is a development environment you can ignore this message
[03Aug2026 21:02:31.362] [main/WARN] [mixin/]: Error loading class: org/jetbrains/annotations/ApiStatus$ScheduledForRemoval (java.lang.ClassNotFoundException: org.jetbrains.annotations.ApiStatus$ScheduledForRemoval)
[03Aug2026 21:02:31.387] [main/INFO] [MixinExtras|Service/]: Initializing MixinExtras via com.llamalad7.mixinextras.service.MixinExtrasServiceImpl(version=0.5.0).
[03Aug2026 21:02:31.425] [main/INFO] [mixin/]: Mixing client.MinecraftMixin from rsrifle.mixins.json into net.minecraft.client.Minecraft
[03Aug2026 21:02:31.426] [main/WARN] [mixin/]: rsrifle.mixins.json:client.MinecraftMixin from mod rsrifle: Class version 65 required is higher than the class version supported by the current version of Mixin (JAVA_17 supports class version 61)
[03Aug2026 21:02:32.227] [Datafixer Bootstrap/INFO] [com.mojang.datafixers.DataFixerBuilder/]: 229 Datafixer optimizations took 126 milliseconds
[03Aug2026 21:02:34.912] [main/WARN] [net.minecraft.commands.Commands/]: Ambiguity between arguments [teleport, location] and [teleport, destination] with inputs: [0.1 -0.5 .9, 0 0 0]
[03Aug2026 21:02:34.913] [main/WARN] [net.minecraft.commands.Commands/]: Ambiguity between arguments [teleport, location] and [teleport, targets] with inputs: [0.1 -0.5 .9, 0 0 0]
[03Aug2026 21:02:34.915] [main/WARN] [net.minecraft.commands.Commands/]: Ambiguity between arguments [teleport, destination] and [teleport, targets] with inputs: [Player, 0123, @e, dd12be42-52a9-4a91-a8a1-11c01849e498]
[03Aug2026 21:02:34.915] [main/WARN] [net.minecraft.commands.Commands/]: Ambiguity between arguments [teleport, targets] and [teleport, destination] with inputs: [Player, 0123, dd12be42-52a9-4a91-a8a1-11c01849e498]
[03Aug2026 21:02:34.916] [main/WARN] [net.minecraft.commands.Commands/]: Ambiguity between arguments [teleport, targets, location] and [teleport, targets, destination] with inputs: [0.1 -0.5 .9, 0 0 0]
[03Aug2026 21:02:34.999] [Render thread/WARN] [net.minecraft.server.packs.VanillaPackResourcesBuilder/]: Assets URL 'union:/home/tomas/IdeaProjects/ReinforcedSingularityRifle/build/moddev/artifacts/neoforge-21.1.228.jar%23177!/assets/.mcassetsroot' uses unexpected schema
[03Aug2026 21:02:35.000] [Render thread/WARN] [net.minecraft.server.packs.VanillaPackResourcesBuilder/]: Assets URL 'union:/home/tomas/IdeaProjects/ReinforcedSingularityRifle/build/moddev/artifacts/neoforge-21.1.228.jar%23177!/data/.mcassetsroot' uses unexpected schema
[03Aug2026 21:02:35.013] [Render thread/INFO] [com.mojang.authlib.yggdrasil.YggdrasilAuthenticationService/]: Environment: Environment[sessionHost=https://sessionserver.mojang.com, servicesHost=https://api.minecraftservices.com, name=PROD]
[03Aug2026 21:02:35.018] [Render thread/INFO] [net.minecraft.client.Minecraft/]: Setting user: Dev
[03Aug2026 21:02:35.074] [Render thread/INFO] [net.minecraft.client.Minecraft/]: Backend library: LWJGL version 3.3.3+5
[03Aug2026 21:02:36.349] [modloading-worker-0/INFO] [net.neoforged.neoforge.common.NeoForgeMod/NEOFORGE-MOD]: NeoForge mod loading, version 21.1.228, for MC 1.21.1
[03Aug2026 21:02:36.385] [modloading-worker-0/INFO] [com.simibubi.create.Create/]: Create 6.0.10 initializing! Commit hash: ac0c444d9828da3453ae8cc65338e8de063286fb
[03Aug2026 21:02:36.433] [modloading-worker-0/INFO] [mixin/]: Mixing client.ShaderInstanceMixin from rbh.mixins.json into net.minecraft.client.renderer.ShaderInstance
[03Aug2026 21:02:36.433] [modloading-worker-0/WARN] [mixin/]: rbh.mixins.json:client.ShaderInstanceMixin from mod rbh: Class version 65 required is higher than the class version supported by the current version of Mixin (JAVA_17 supports class version 61)
[03Aug2026 21:02:36.517] [modloading-worker-0/INFO] [mixin/]: Mixing client.LevelRendererMixin from rbh.mixins.json into net.minecraft.client.renderer.LevelRenderer
[03Aug2026 21:02:38.216] [Render thread/INFO] [mixin/]: Mixing client.ItemInHandRendererMixin from rbh.mixins.json into net.minecraft.client.renderer.ItemInHandRenderer
[03Aug2026 21:02:38.217] [Render thread/INFO] [mixin/]: Mixing client.ItemInHandRendererMixin from rsrifle.mixins.json into net.minecraft.client.renderer.ItemInHandRenderer
[03Aug2026 21:02:38.276] [Render thread/INFO] [mixin/]: Mixing client.GuiMixin from rsrifle.mixins.json into net.minecraft.client.gui.Gui
[03Aug2026 21:02:38.310] [Render thread/INFO] [net.neoforged.neoforge.gametest.GameTestHooks/]: Enabled Gametest Namespaces: [rsrifle]
[03Aug2026 21:02:38.342] [Render thread/INFO] [mixin/]: Mixing client.PlayerRendererMixin from rsrifle.mixins.json into net.minecraft.client.renderer.entity.player.PlayerRenderer
[03Aug2026 21:02:38.356] [Render thread/INFO] [mixin/]: Mixing client.ArrowRendererMixin from rbh.mixins.json into net.minecraft.client.renderer.entity.ArrowRenderer
[03Aug2026 21:02:38.503] [Render thread/INFO] [net.minecraft.server.packs.resources.ReloadableResourceManager/]: Reloading ResourceManager: vanilla, mod_resources, mod/flywheel, mod/rbh, mod/geckolib, mod/ponder, mod/create, mod/rsrifle, mod/neoforge
[03Aug2026 21:02:38.513] [Worker-Main-2/ERROR] [net.minecraft.Util/]: Invalid path in pack: rsrifle:geo/item/.xdp-singularity_rifle.geo.bbmodel-IVDbIH, ignoring
[03Aug2026 21:02:38.513] [Worker-Main-1/ERROR] [net.minecraft.Util/]: Invalid path in pack: rsrifle:animations/item/.xdp-unknown.animation.json-HzCbfV, ignoring
[03Aug2026 21:02:38.531] [NeoForge Version Check/INFO] [net.neoforged.fml.VersionChecker/]: [create] Starting version check at https://api.modrinth.com/updates/create/forge_updates.json?neoforge=only
[03Aug2026 21:02:38.595] [Worker-Main-6/INFO] [net.minecraft.client.gui.font.providers.UnihexProvider/]: Found unifont_all_no_pua-15.1.05.hex, loading
[03Aug2026 21:02:38.685] [Worker-Main-4/INFO] [net.minecraft.client.gui.font.providers.UnihexProvider/]: Found unifont_jp_patch-15.1.05.hex, loading
[03Aug2026 21:02:38.921] [NeoForge Version Check/INFO] [net.neoforged.fml.VersionChecker/]: [create] Found status: OUTDATED Current: 6.0.10 Target: 6.0.10+mc1.21.1
[03Aug2026 21:02:39.729] [Worker-Main-11/WARN] [net.minecraft.client.resources.model.ModelManager/]: Missing textures in model rsrifle:singularity_rifle#inventory:
    minecraft:textures/atlas/blocks.png:rbh:item/texture
[03Aug2026 21:02:40.973] [Worker-Main-8/INFO] [PonderIndex/]: Registering Ponder Scenes took 48.49 ms
[03Aug2026 21:02:40.975] [Worker-Main-8/INFO] [PonderIndex/]: Registering Ponder Tags took 2.120 ms
[03Aug2026 21:02:41.065] [Render thread/WARN] [net.minecraft.client.sounds.SoundEngine/]: Missing sound for event: minecraft:item.goat_horn.play
[03Aug2026 21:02:41.065] [Render thread/WARN] [net.minecraft.client.sounds.SoundEngine/]: Missing sound for event: minecraft:entity.goat.screaming.horn_break
[03Aug2026 21:02:41.121] [Render thread/INFO] [com.mojang.blaze3d.audio.Library/]: OpenAL initialized on device Built-in Audio Analog Stereo
[03Aug2026 21:02:41.121] [Render thread/INFO] [net.minecraft.client.sounds.SoundEngine/SOUNDS]: Sound engine started
[03Aug2026 21:02:41.188] [Render thread/INFO] [net.minecraft.client.renderer.texture.TextureAtlas/]: Created: 2048x1024x4 minecraft:textures/atlas/blocks.png-atlas
[03Aug2026 21:02:41.195] [Render thread/INFO] [net.minecraft.client.renderer.texture.TextureAtlas/]: Created: 256x256x4 minecraft:textures/atlas/signs.png-atlas
[03Aug2026 21:02:41.196] [Render thread/INFO] [net.minecraft.client.renderer.texture.TextureAtlas/]: Created: 512x512x4 minecraft:textures/atlas/shield_patterns.png-atlas
[03Aug2026 21:02:41.196] [Render thread/INFO] [net.minecraft.client.renderer.texture.TextureAtlas/]: Created: 512x512x4 minecraft:textures/atlas/banner_patterns.png-atlas
[03Aug2026 21:02:41.196] [Render thread/INFO] [net.minecraft.client.renderer.texture.TextureAtlas/]: Created: 2048x1024x4 minecraft:textures/atlas/armor_trims.png-atlas
[03Aug2026 21:02:41.200] [Render thread/INFO] [net.minecraft.client.renderer.texture.TextureAtlas/]: Created: 128x64x4 minecraft:textures/atlas/decorated_pot.png-atlas
[03Aug2026 21:02:41.200] [Render thread/INFO] [net.minecraft.client.renderer.texture.TextureAtlas/]: Created: 256x256x4 minecraft:textures/atlas/chest.png-atlas
[03Aug2026 21:02:41.200] [Render thread/INFO] [net.minecraft.client.renderer.texture.TextureAtlas/]: Created: 512x256x4 minecraft:textures/atlas/shulker_boxes.png-atlas
[03Aug2026 21:02:41.201] [Render thread/INFO] [net.minecraft.client.renderer.texture.TextureAtlas/]: Created: 512x256x4 minecraft:textures/atlas/beds.png-atlas
[03Aug2026 21:02:41.242] [Render thread/INFO] [net.minecraft.client.renderer.texture.TextureAtlas/]: Created: 512x256x0 minecraft:textures/atlas/particles.png-atlas
[03Aug2026 21:02:41.243] [Render thread/INFO] [net.minecraft.client.renderer.texture.TextureAtlas/]: Created: 512x256x0 minecraft:textures/atlas/paintings.png-atlas
[03Aug2026 21:02:41.244] [Render thread/INFO] [net.minecraft.client.renderer.texture.TextureAtlas/]: Created: 256x128x0 minecraft:textures/atlas/mob_effects.png-atlas
[03Aug2026 21:02:41.244] [Render thread/INFO] [net.minecraft.client.renderer.texture.TextureAtlas/]: Created: 64x64x0 minecraft:textures/atlas/map_decorations.png-atlas
[03Aug2026 21:02:41.244] [Render thread/INFO] [net.minecraft.client.renderer.texture.TextureAtlas/]: Created: 1024x512x0 minecraft:textures/atlas/gui.png-atlas
[03Aug2026 21:02:41.256] [Render thread/WARN] [net.minecraft.client.renderer.ShaderInstance/]: Shader rendertype_entity_translucent_emissive could not find sampler named Sampler2 in the specified shader program.
[03Aug2026 21:02:41.270] [Render thread/INFO] [mixin/]: Mixing client.PostChainMixin from rbh.mixins.json into net.minecraft.client.renderer.PostChain
[03Aug2026 21:02:41.275] [Render thread/INFO] [mixin/]: Mixing client.PostPassMixin from rbh.mixins.json into net.minecraft.client.renderer.PostPass
[03Aug2026 21:02:41.275] [Render thread/INFO] [mixin/]: Renaming synthetic method lambda$new$0(Lnet/minecraft/client/renderer/PostPass;)V to md0cbde3$rbh$lambda$new$0$0 in rbh.mixins.json:client.PostPassMixin from mod rbh
[03Aug2026 21:02:41.282] [Render thread/WARN] [net.minecraft.client.renderer.ShaderInstance/]: Shader rbh:rendertype_black_hole could not find uniform named GameTime in the specified shader program.
[03Aug2026 21:02:41.282] [Render thread/INFO] [com.mod.rbh.shaders.RBInternalShaders/]: Registered internal shaders
[03Aug2026 21:02:41.287] [Render thread/WARN] [net.minecraft.client.renderer.EffectInstance/]: Shader rbh:black_hole could not find uniform named HoleScreenCenter in the specified shader program.
[03Aug2026 21:02:41.287] [Render thread/WARN] [net.minecraft.client.renderer.EffectInstance/]: Shader rbh:black_hole could not find uniform named HoleRadius in the specified shader program.
[03Aug2026 21:02:41.287] [Render thread/WARN] [net.minecraft.client.renderer.EffectInstance/]: Shader rbh:black_hole could not find uniform named Radius in the specified shader program.
[03Aug2026 21:02:41.302] [Render thread/INFO] [flywheel/backend/shaders/]: Loaded 77 shader sources in 10.881 ms
[03Aug2026 21:02:41.313] [Render thread/INFO] [com.simibubi.create.Create/]: Loaded 58 train hat configurations.
[03Aug2026 21:02:41.314] [Render thread/INFO] [net.neoforged.neoforge.client.entity.animation.json.AnimationLoader/]: Loaded 0 entity animations
[03Aug2026 21:03:12.449] [Render thread/INFO] [net.minecraft.client.Minecraft/]: Stopping!
